<!DOCTYPE html>
<html lang="en">
  <body>
    <pre class="mermaid">
flowchart TB
FirstEvent[I am the first event]
SecondEvent((SecondEvent))
ThirdEvent[/ThirdEvent\]
FirstEvent -->|I am the first label|SecondEvent
SecondEvent -->|I am the second label\nI am the third label|ThirdEvent
    </pre>
    <script src="https://cdnjs.cloudflare.com/ajax/libs/mermaid/10.8.0/mermaid.min.js" integrity="sha512-LjhAzAg2/5zsgtj/a6rKlyripQs594DkfL+vlA0qwrb/0McmLqIpglzZmrfAdbBURFS7LhFC2yvDDhilSx9UDg==" crossorigin="anonymous" referrerpolicy="no-referrer"></script>
  </body>
</html>
