https://mermaid.live/edit#base64:eyJjb2RlIjoiZmxvd2NoYXJ0IFRCXG5GaXJzdEV2ZW50W0kgYW0gdGhlIGZpcnN0IGV2ZW50XVxuU2Vjb25kRXZlbnQoKFNlY29uZEV2ZW50KSlcblRoaXJkRXZlbnRbL1RoaXJkRXZlbnRcXF1cbkZpcnN0RXZlbnQgLS0-fEkgYW0gdGhlIGZpcnN0IGxhYmVsfFNlY29uZEV2ZW50XG5TZWNvbmRFdmVudCAtLT58SSBhbSB0aGUgc2Vjb25kIGxhYmVsXFxuSSBhbSB0aGUgdGhpcmQgbGFiZWx8VGhpcmRFdmVudFxuIiwibWVybWFpZCI6eyJ0aGVtZSI6ImRhcmsifX0=